>N1
AACAAAAACCCCCCCCAA
>N2
GACAGGGGCCCCCCCCGG
>N3
CACACCCCCCCCCCCCCC
>N4
TACATTTTCCCCCCCCTT
>N5
AACAAAAACCCCCCCCAA
>N6
GACAGGGGCCCCCCCCGG
>N7
AACAAAAACCCCCCCCAA
>N8
GACAGGGGCCCCCCCCGG
>N9
CACACCCCCCCCCCCCCC
>N10
TACATTTTCCCCCCCCTT
